/home/mahnaz/durham_transcription_pipeline/RecognitionHand/dir_input/images/00_04.png
/home/mahnaz/durham_transcription_pipeline/RecognitionHand/dir_input/images/00_05.png
/home/mahnaz/durham_transcription_pipeline/RecognitionHand/dir_input/images/00_10.png
/home/mahnaz/durham_transcription_pipeline/RecognitionHand/dir_input/images/01_06.png
/home/mahnaz/durham_transcription_pipeline/RecognitionHand/dir_input/images/01_08.png
/home/mahnaz/durham_transcription_pipeline/RecognitionHand/dir_input/images/01_10.png
/home/mahnaz/durham_transcription_pipeline/RecognitionHand/dir_input/images/02_12.png
/home/mahnaz/durham_transcription_pipeline/RecognitionHand/dir_input/images/02_14.png
/home/mahnaz/durham_transcription_pipeline/RecognitionHand/dir_input/images/02_16.png
/home/mahnaz/durham_transcription_pipeline/RecognitionHand/dir_input/images/04_00.png
/home/mahnaz/durham_transcription_pipeline/RecognitionHand/dir_input/images/04_03.png
/home/mahnaz/durham_transcription_pipeline/RecognitionHand/dir_input/images/04_04.png
/home/mahnaz/durham_transcription_pipeline/RecognitionHand/dir_input/images/04_06.png
/home/mahnaz/durham_transcription_pipeline/RecognitionHand/dir_input/images/05_00.png
/home/mahnaz/durham_transcription_pipeline/RecognitionHand/dir_input/images/05_01.png
/home/mahnaz/durham_transcription_pipeline/RecognitionHand/dir_input/images/05_03.png
/home/mahnaz/durham_transcription_pipeline/RecognitionHand/dir_input/images/05_04.png
/home/mahnaz/durham_transcription_pipeline/RecognitionHand/dir_input/images/05_05.png
/home/mahnaz/durham_transcription_pipeline/RecognitionHand/dir_input/images/06_00.png
/home/mahnaz/durham_transcription_pipeline/RecognitionHand/dir_input/images/06_04.png
/home/mahnaz/durham_transcription_pipeline/RecognitionHand/dir_input/images/06_05.png
/home/mahnaz/durham_transcription_pipeline/RecognitionHand/dir_input/images/06_06.png
/home/mahnaz/durham_transcription_pipeline/RecognitionHand/dir_input/images/07_00.png
/home/mahnaz/durham_transcription_pipeline/RecognitionHand/dir_input/images/07_01.png
/home/mahnaz/durham_transcription_pipeline/RecognitionHand/dir_input/images/07_02.png
/home/mahnaz/durham_transcription_pipeline/RecognitionHand/dir_input/images/07_03.png
/home/mahnaz/durham_transcription_pipeline/RecognitionHand/dir_input/images/08_00.png
/home/mahnaz/durham_transcription_pipeline/RecognitionHand/dir_input/images/08_01.png
/home/mahnaz/durham_transcription_pipeline/RecognitionHand/dir_input/images/08_02.png
/home/mahnaz/durham_transcription_pipeline/RecognitionHand/dir_input/images/08_04.png
/home/mahnaz/durham_transcription_pipeline/RecognitionHand/dir_input/images/08_05.png
/home/mahnaz/durham_transcription_pipeline/RecognitionHand/dir_input/images/09_00.png
/home/mahnaz/durham_transcription_pipeline/RecognitionHand/dir_input/images/09_01.png
/home/mahnaz/durham_transcription_pipeline/RecognitionHand/dir_input/images/09_05.png
/home/mahnaz/durham_transcription_pipeline/RecognitionHand/dir_input/images/09_07.png
/home/mahnaz/durham_transcription_pipeline/RecognitionHand/dir_input/images/09_08.png
/home/mahnaz/durham_transcription_pipeline/RecognitionHand/dir_input/images/10_00.png
/home/mahnaz/durham_transcription_pipeline/RecognitionHand/dir_input/images/10_01.png
/home/mahnaz/durham_transcription_pipeline/RecognitionHand/dir_input/images/10_02.png
/home/mahnaz/durham_transcription_pipeline/RecognitionHand/dir_input/images/10_03.png
/home/mahnaz/durham_transcription_pipeline/RecognitionHand/dir_input/images/10_04.png
